---
apiVersion: v1
name: opensource/metrostar/singleuser
tags:
  - singeluser_v12
args:
  BASE_IMAGE:
  BASE_TAG:
labels:
  # Name of the image
  org.opencontainers.image.title:
  org.opencontainers.image.description:
  org.opencontainers.image.licenses:
  org.opencontainers.image.url:
  org.opencontainers.image.vendor:
  org.opencontainers.image.version:
  mil.dso.ironbank.image.keywords:
  mil.dso.ironbank.image.type:
  mil.dso.ironbank.product.name:
resources:
  - url: https://github.com/dirkcgrunwald/jupyter_codeserver_proxy-/archive/5596bc9c2fbd566180545fa242c659663755a427.tar.gz
    filename: code_server.tar.gz
    validation:
      type: sha256
      value: 7a286d6f201ae651368b65505cba7b0a137c81b2ac0fd637160d082bb14db032

maintainers:
  - email: jvelando@metrostarsystems.com
    name: Jonathan Velando
    username: jvelando
    cht_member: false
